≡ƒöì Opening MPR: C:\Workspaces\Mendix\Complex\main\Opcenter EX DS Complex Manufacturing.mpr
≡ƒôª Project: Opcenter EX DS Complex Manufacturing
≡ƒôî Mendix Version: 11.6.4


≡ƒôï Analysis plan: 7 phase(s) to complete
ΓöüΓöüΓöüΓöüΓöüΓöüΓöüΓöüΓöüΓöüΓöüΓöüΓöüΓöüΓöüΓöüΓöüΓöüΓöüΓöüΓöüΓöüΓöüΓöüΓöüΓöüΓöüΓöüΓöüΓöüΓöüΓöüΓöüΓöüΓöüΓöüΓöüΓöüΓöüΓöüΓöüΓöüΓöüΓöüΓöüΓöüΓöüΓöü

[Phase 1/7] ≡ƒöÄ Scanning for external entities...
  ≡ƒöì Loading domain models...
  ≡ƒôª Found 22 domain model(s) to analyze
  Γ£ô Module 'OpcenterEXDS_EXFN_Quality': found 4 external entities
  Γ£ô Module 'OpcenterEXDS_PartProgram': found 5 external entities
  Γ£ô Module 'OpcenterEXDS_OperatorLanding': found 62 external entities
  Γ£ô Module 'EXFN_DocumentViewer': found 7 external entities
  Γ£ô Module 'EXFN_Quality': found 8 external entities
  Γ£ô Module 'EXFN_WorkInstruction': found 1 external entities

  Γ£à Completed: Analyzed 22 modules
  ≡ƒôè Result: 87 external entities in 6 modules

[Phase 2/7] ≡ƒöÄ Scanning for microflow/action calls...
  ≡ƒöì Loading microflows...
  ≡ƒôª Found 1344 microflow(s) to analyze

  Γ£à Completed: Analyzed 1344 microflows
  ≡ƒôè Result: 82 microflow/action calls found

[Phase 3/7] ≡ƒöÄ Scanning for Signal Manager widgets...
  ≡ƒöì Pre-filtering documents with Signal Manager widgets...
  ≡ƒôè Found 11 documents to scan (filtered from 220 total, 95.0% reduction)
  ≡ƒôä Scanning 3 filtered page(s)...
  ≡ƒôä Scanning 8 filtered snippet(s)...

  Γ£à Completed: Analyzed 3 filtered pages and 8 filtered snippets
  ≡ƒôè Result: 64 signal subscription(s) found (44 in pages, 20 in snippets)

[Phase 4/7] ≡ƒöÄ Scanning for system roles and page accessibility...
  ≡ƒöì Loading security configuration...

  Γ£à Completed: Security configuration analyzed
  ≡ƒôè Result: 2 system role(s) and 181 page(s)/snippet(s) with access rules

[Phase 5/7] ≡ƒöÄ Scanning for navigation items...
  ≡ƒöì Looking for NavigationDocument...
  ≡ƒôï Extracting navigation hierarchy...

  Γ£à Completed: Navigation structure extracted
  ≡ƒôè Result: 3 navigation item(s) found

[Phase 6/7] ≡ƒôä Analyzing pages/panels...
  ≡ƒöì Built microflow->command map with 81 entries
  ≡ƒùé∩╕Å Building module cache...
  Γ£à Module cache ready with 2806 entries
  ≡ƒöä Processed 100 microflows...
  ≡ƒöä Processed 200 microflows...
  ≡ƒöä Processed 300 microflows...
  ≡ƒöä Processed 400 microflows...
  ≡ƒöä Processed 500 microflows...
  ≡ƒöä Processed 600 microflows...
  ≡ƒöä Processed 700 microflows...
  ≡ƒöä Processed 800 microflows...
  ≡ƒöä Processed 900 microflows...
  ≡ƒöä Processed 1000 microflows...
  ≡ƒöä Processed 1100 microflows...
  ≡ƒöä Processed 1200 microflows...
  ≡ƒöä Processed 1300 microflows...
  ≡ƒöù Built microflow call graph with 712 nodes (processed 1344 microflows)
  ∩┐╜ Scanned 2806 units, found 181 page(s)/snippet(s) to analyze
